
--- ERROR AT 2026-08-04 12:09:43.645541 ---
Exception: name 'mismatches' is not defined
Traceback (most recent call last):
  File "C:\Users\madhu\Desktop\db-tb\.venv\Lib\site-packages\starlette\middleware\errors.py", line 164, in __call__
    await self.app(scope, receive, _send)
  File "C:\Users\madhu\Desktop\db-tb\.venv\Lib\site-packages\starlette\middleware\cors.py", line 88, in __call__
    await self.app(scope, receive, send)
  File "C:\Users\madhu\Desktop\db-tb\.venv\Lib\site-packages\starlette\middleware\exceptions.py", line 63, in __call__
    await wrap_app_handling_exceptions(self.app, conn)(scope, receive, send)
  File "C:\Users\madhu\Desktop\db-tb\.venv\Lib\site-packages\starlette\_exception_handler.py", line 53, in wrapped_app
    raise exc
  File "C:\Users\madhu\Desktop\db-tb\.venv\Lib\site-packages\starlette\_exception_handler.py", line 42, in wrapped_app
    await app(scope, receive, sender)
  File "C:\Users\madhu\Desktop\db-tb\.venv\Lib\site-packages\fastapi\middleware\asyncexitstack.py", line 18, in __call__
    await self.app(scope, receive, send)
  File "C:\Users\madhu\Desktop\db-tb\.venv\Lib\site-packages\starlette\routing.py", line 660, in __call__
    await self.middleware_stack(scope, receive, send)
  File "C:\Users\madhu\Desktop\db-tb\.venv\Lib\site-packages\fastapi\routing.py", line 2697, in app
    await route.handle(scope, receive, send)
  File "C:\Users\madhu\Desktop\db-tb\.venv\Lib\site-packages\fastapi\routing.py", line 1778, in handle
    await self.original_router.handle(scope, receive, send)
  File "C:\Users\madhu\Desktop\db-tb\.venv\Lib\site-packages\fastapi\routing.py", line 2752, in handle
    await included_router._handle_selected(scope, receive, send)
  File "C:\Users\madhu\Desktop\db-tb\.venv\Lib\site-packages\fastapi\routing.py", line 1789, in _handle_selected
    await route.handle(scope, receive, send)
  File "C:\Users\madhu\Desktop\db-tb\.venv\Lib\site-packages\fastapi\routing.py", line 1778, in handle
    await self.original_router.handle(scope, receive, send)
  File "C:\Users\madhu\Desktop\db-tb\.venv\Lib\site-packages\fastapi\routing.py", line 2752, in handle
    await included_router._handle_selected(scope, receive, send)
  File "C:\Users\madhu\Desktop\db-tb\.venv\Lib\site-packages\fastapi\routing.py", line 1798, in _handle_selected
    await original_route.handle(scope, receive, send)
  File "C:\Users\madhu\Desktop\db-tb\.venv\Lib\site-packages\fastapi\routing.py", line 1277, in handle
    await app(scope, receive, send)
  File "C:\Users\madhu\Desktop\db-tb\.venv\Lib\site-packages\fastapi\routing.py", line 156, in app
    await wrap_app_handling_exceptions(app, request)(scope, receive, send)
  File "C:\Users\madhu\Desktop\db-tb\.venv\Lib\site-packages\starlette\_exception_handler.py", line 53, in wrapped_app
    raise exc
  File "C:\Users\madhu\Desktop\db-tb\.venv\Lib\site-packages\starlette\_exception_handler.py", line 42, in wrapped_app
    await app(scope, receive, sender)
  File "C:\Users\madhu\Desktop\db-tb\.venv\Lib\site-packages\fastapi\routing.py", line 142, in app
    response = await f(request)
               ^^^^^^^^^^^^^^^^
  File "C:\Users\madhu\Desktop\db-tb\.venv\Lib\site-packages\fastapi\routing.py", line 704, in app
    raw_response = await run_endpoint_function(
                   ^^^^^^^^^^^^^^^^^^^^^^^^^^^^
    ...<3 lines>...
    )
    ^
  File "C:\Users\madhu\Desktop\db-tb\.venv\Lib\site-packages\fastapi\routing.py", line 350, in run_endpoint_function
    return await dependant.call(**values)
           ^^^^^^^^^^^^^^^^^^^^^^^^^^^^^^
  File "C:\Users\madhu\Desktop\db-tb\src\app\api\v1\migrations.py", line 280, in execute_migration_pipeline
    result = _run_pipeline_background(job_uuid, upload_path, table_mapping, catalog, schema_name)
  File "C:\Users\madhu\Desktop\db-tb\src\app\api\v1\migrations.py", line 79, in _run_pipeline_background
    result = pipeline.run()
  File "C:\Users\madhu\Desktop\db-tb\src\app\services\pipeline.py", line 700, in run
    field_resolver = self._run_stage(
        "CALC_DEEP_DIVE",
        input_summary=f"{sum(len(ds.calculated_fields) for ds in workbook_meta.datasources)} raw Tableau formulas",
        fn=_do_calc_deep_dive,
    )
  File "C:\Users\madhu\Desktop\db-tb\src\app\services\pipeline.py", line 216, in _run_stage
    result = fn()
  File "C:\Users\madhu\Desktop\db-tb\src\app\services\pipeline.py", line 633, in _do_calc_deep_dive
    for mm in mismatches[:50]
              ^^^^^^^^^^
NameError: name 'mismatches' is not defined

